// Jest Snapshot v1, https://goo.gl/fbAQLP

exports[`OverviewComponent should match the snapshot 1`] = `
<app-overview>
  <h1>
    Overview
  </h1>
</app-overview>
`;
