// Jest Snapshot v1, https://goo.gl/fbAQLP

exports[`AppComponent should match the snapshot 1`] = `
<app-root>
  <header>
    <mat-toolbar
      class="mat-toolbar"
    >
      <span>
        Room.io
      </span>
    </mat-toolbar>
  </header><main>
    <router-outlet />
  </main>
</app-root>
`;
